// Jest Snapshot v1, https://goo.gl/fbAQLP

exports[`base should works correctly with build 1`] = `"export default [{path:\\"/v2\\",name:\\"v2-v2-container-layout\\",depth:0,id:\\"packages/v2/container/src/pages/layout.vue\\",component:()=>mf.load(\\"@xx/v2-container/pages/layout.vue\\"),children:[{path:\\"/v2/v2-purchase/xx\\",name:\\"v2-v2-purchase-xx\\",depth:1,id:\\"packages/v2/purchase/src/pages/xx/index.vue\\",component:()=>mf.load(\\"@xx/v2-purchase/pages/xx/index.vue\\")},{path:\\"/v2/v2-purchase/xx/detail\\",name:\\"v2-v2-purchase-xx-detail\\",depth:1,id:\\"packages/v2/purchase/src/pages/xx/detail.vue\\",component:()=>mf.load(\\"@xx/v2-purchase/pages/xx/detail.vue\\")},{path:\\"/v2/v2-purchase/yy\\",name:\\"v2-v2-purchase-yy\\",depth:1,id:\\"packages/v2/purchase/src/pages/yy/index.vue\\",component:()=>mf.load(\\"@xx/v2-purchase/pages/yy/index.vue\\")},{path:\\"/v2/v2-purchase/yy/detail\\",name:\\"v2-v2-purchase-yy-detail\\",depth:1,id:\\"packages/v2/purchase/src/pages/yy/detail.vue\\",component:()=>mf.load(\\"@xx/v2-purchase/pages/yy/detail.vue\\")}]}]"`;

exports[`base should works correctly with build 2`] = `"export default [{path:\\"/v3\\",name:\\"v3-v3-container-layout\\",depth:0,id:\\"packages/v3/container/src/pages/layout.vue\\",component:()=>mf.load(\\"@xx/v3-container/pages/layout.vue\\"),children:[{path:\\"/v3/v3-purchase/xx\\",name:\\"v3-v3-purchase-xx\\",depth:1,id:\\"packages/v3/purchase/src/pages/xx/index.vue\\",component:()=>mf.load(\\"@xx/v3-purchase/pages/xx/index.vue\\")},{path:\\"/v3/v3-purchase/xx/detail\\",name:\\"v3-v3-purchase-xx-detail\\",depth:1,id:\\"packages/v3/purchase/src/pages/xx/detail.vue\\",component:()=>mf.load(\\"@xx/v3-purchase/pages/xx/detail.vue\\")},{path:\\"/v3/v3-purchase/yy\\",name:\\"v3-v3-purchase-yy\\",depth:1,id:\\"packages/v3/purchase/src/pages/yy/index.vue\\",component:()=>mf.load(\\"@xx/v3-purchase/pages/yy/index.vue\\")},{path:\\"/v3/v3-purchase/yy/detail\\",name:\\"v3-v3-purchase-yy-detail\\",depth:1,id:\\"packages/v3/purchase/src/pages/yy/detail.vue\\",component:()=>mf.load(\\"@xx/v3-purchase/pages/yy/detail.vue\\")}]}]"`;

exports[`base should works correctly with serve 1`] = `"export default [{path:\\"/v2\\",name:\\"v2-v2-container-layout\\",depth:0,id:\\"packages/v2/container/src/pages/layout.vue\\",component:()=>import(\\"/packages/v2/container/src/pages/layout.vue\\"),children:[{path:\\"/v2/v2-purchase/xx\\",name:\\"v2-v2-purchase-xx\\",depth:1,id:\\"packages/v2/purchase/src/pages/xx/index.vue\\",component:()=>import(\\"/packages/v2/purchase/src/pages/xx/index.vue\\")},{path:\\"/v2/v2-purchase/xx/detail\\",name:\\"v2-v2-purchase-xx-detail\\",depth:1,id:\\"packages/v2/purchase/src/pages/xx/detail.vue\\",component:()=>import(\\"/packages/v2/purchase/src/pages/xx/detail.vue\\")},{path:\\"/v2/v2-purchase/yy\\",name:\\"v2-v2-purchase-yy\\",depth:1,id:\\"packages/v2/purchase/src/pages/yy/index.vue\\",component:()=>import(\\"/packages/v2/purchase/src/pages/yy/index.vue\\")},{path:\\"/v2/v2-purchase/yy/detail\\",name:\\"v2-v2-purchase-yy-detail\\",depth:1,id:\\"packages/v2/purchase/src/pages/yy/detail.vue\\",component:()=>import(\\"/packages/v2/purchase/src/pages/yy/detail.vue\\")}]}]"`;

exports[`base should works correctly with serve 2`] = `"export default [{path:\\"/v3\\",name:\\"v3-v3-container-layout\\",depth:0,id:\\"packages/v3/container/src/pages/layout.vue\\",component:()=>import(\\"/packages/v3/container/src/pages/layout.vue\\"),children:[{path:\\"/v3/v3-purchase/xx\\",name:\\"v3-v3-purchase-xx\\",depth:1,id:\\"packages/v3/purchase/src/pages/xx/index.vue\\",component:()=>import(\\"/packages/v3/purchase/src/pages/xx/index.vue\\")},{path:\\"/v3/v3-purchase/xx/detail\\",name:\\"v3-v3-purchase-xx-detail\\",depth:1,id:\\"packages/v3/purchase/src/pages/xx/detail.vue\\",component:()=>import(\\"/packages/v3/purchase/src/pages/xx/detail.vue\\")},{path:\\"/v3/v3-purchase/yy\\",name:\\"v3-v3-purchase-yy\\",depth:1,id:\\"packages/v3/purchase/src/pages/yy/index.vue\\",component:()=>import(\\"/packages/v3/purchase/src/pages/yy/index.vue\\")},{path:\\"/v3/v3-purchase/yy/detail\\",name:\\"v3-v3-purchase-yy-detail\\",depth:1,id:\\"packages/v3/purchase/src/pages/yy/detail.vue\\",component:()=>import(\\"/packages/v3/purchase/src/pages/yy/detail.vue\\")}]}]"`;
